
[TestCreateJwks - 1]
{
 "keys": [
  {
   "alg": "RS512",
   "d": "jG2TzTxVJB_6j3CV58XUB9kp6iSGgcGOUHa_al11IS93jAH5BG8lgq1kBLbVHOc4I5RYNJEGgVQ4C8A7iOUUvJ_QKGQN49WEtH3Vs-lhPQoZm_EaNC8zFcCX_nRmct4PiR4onmESBKv28gjIhHI8KCEMXQVd-MSu_rU72SSo3lkZR7eY1PjZiWcDaHS8nLjEZU-n05Ybqw85ZK-wq4aA3zxb95EitmuFiDh1kduf-Cm9MvHe-akaAtFHYtTIKMlU0t2SbRaMofbmDero5Bqtd-AvM-cZcPMNw0AAxgrMsYzyR3Tv6RHv8fgyVVZy_WEsiVibL__b0WeFcIwaqkydE4VlZuzDJ8xDP3xguvMNqloHybH6Umrkez2_gg3ZP7W5UM8t6OcitG4AfBVCMEApIgpq67dSSNvnnTNAl7oZbcdxJwIGbZAKcN8s47YwdnOSEB8OQJ-aO0dwM14rjEXt-Zb1AUYzHUKgu3uvMlrdDAHy56yMHfNPo0ZIYVtKTntfx80zXviNhr10ek6yWbvsCrYxmVsN_j1V4P7T0oeX0nywo6f3OL4gI9GgJtCpntLAx_-qV4KkbE1DAkekIsyn4Ag-FI32F5251Vp4-0d0HTxS0fqpX2oRu0w_-kzZFAxMyxF66ob4h5l2_UjiyIMzyuYJ-krSX6EQ613ZgUnOU9E",
   "dp": "iWXkWQ6YvrSiQ1DHCnWiJwq8c0Q6u4XfTpUKY0eG_gnNFA9YiVm0A5T1xBwDbG0enOLorcKI5rXdYYZ0XMf8kn-G-8_akugWDfGEoMKOhM0Soc9nagUywF1qPhABZIEaovRDYOxdlBvYD878BFw-jJzbtGq5SpAjV-dHttSm-HTq75yAlaRSBoqw76kQ9P9SbC579aEMRx4utRYbcALuSyYYdhUNdiCE6aVDN6W7DfqW1zdB328357_NYIGq1wPtesWl5Zc_K4slRGzTiX9PnWNbFe3dxwnXieYodfBXAuUGtTwH0drnEuPMfrXNHaih2UOWw0aI603YVQLetLueIQ",
   "dq": "iFHs71YeIabmEuv-CJKkbucd0jOvm6IYBCulIt00NC3Dr6b9RN9vNhxEwhsjg77b1jcLVV0xcphsGPECdHhEhPESaqmca3kNtopQUGsozlXO7oUs4zYe_Qg_sTW7AXyEn9Fd3KHRlsq8IpNDbeyuKdw9wISzDSLqG8dh36F1VBms2MUJzTckkEDrh7rUsqiW_--GaBqvIgqhfWO9lFtni_c_Sb4HMeVzcVjOTl-vlirhU_RGnhxGgYIhJwIWJWzaNMchCCahqjTlvraKB9XIwv66qZ0XD7CJu0qSrIJmDQVmBfdHHlfqu1Me-2yrMOpakRCsSbI_i6Qv9bKZwlqq-Q",
   "e": "AQAB",
   "kid": "c57d3869-e899-4fe2-ae69-ff8cf6d32207.0",
   "kty": "RSA",
   "n": "ohAfIsjHXRYMFCyG6riXrK37AIQRsxynM5zAXsMRUpbSoRGIHcDll2Q74Csay1keZYESai2GzLYX1pBTIevB59JUGiEZVZz4hpolsdhjkMH7X_8XDPioXm6ZFlNLNUTNhliLetLLrdZTjRlYr9L-sb8kJTnOVN7Wj00ZJbUIN9X72zf95JAa13wQTGuQyQt0kW2afpx6aAWAdZwEz53RUrNAlxhMokekDcRyzVFHQuyjyZyCGT6_8zZN4W_B9YMZiL9OnQbgwL3gdztWfrVx4ioeWSR3euh_n2kgZQgAILenqcR92q6gUmgi06B30lye8fns9gGIKkgx4HN0iJIqF-1lyxPjU71yWYS7FwwlU-mVfaSMdLuhe4opzWSF7xTJi3BKjprSWUjBrIjh8BMx-aUdfILcwRP9buXhZA589bqjTowB7Y4uFJvhdslMMuLDWs2cL2w0Sppwn1QrXMOxGR1QRvf6v-HO1T0Yy9yvBme_uBNK7OQHAa0GKUVwLpR7xYxhKH7lnHuJt1LZi9kAf7_jNLfw0EOfeHJ6x1hPVbElkKuABsnnDSopE0HDZ8NPHEljqE-l3jEq0sm7n6Op1OE2XdvkyEetghWqNuhiCrgFAj8Hm-O51ZaDOdALTcfaR-lONS151pWhC7pCeaojArqaOUwKf0InkLBe6iJRB1k",
   "p": "w54EzJXEGbN7Mdi6TQogA88UXZzGP-RjD69X9ccb4dbzzDFdqDAJD58mqx8YseCP2ZGEDWjbeuBvLdjKt9DNhEs9_oZ8lu1z4zZLBi3_3Oqvje_bTZK2cXPS8z5fgJeerT2zD02sLpb6_iuqr226_-KurYzBkHgz1P3ziDXpHZulzEEL73oJUIKT2yDWb1FIDNGCBmPZEkylQci-z373oANmwKGcOY9SXU8tGLKZ3qnNvEZBy2r_JiCBvKK4r2A2zjANxAKyKBldQBQQrLqlIabMcTv-g7wwKOsxAdQdeIxJ0qJ2x1V40x_w4xgAdtKHFacbiJJagSZfDFd9VA5Xiw",
   "q": "1BaXQmgsfAHk-rBYOLFwV5VPt8MkC9-LjGhkPfQ6i3-ANxnSa2DARU1kwG5M9MJfqcS-XiDb2diQBBD9CxPE9dky2msNU_kOBiBGj9WQSLmC1YIZYZIvOkO0mg5RxXXpkI3zlxRidLXZuJNyhxxxOSpeWTrG6KzVbTrvfPH0gt_ksPt4RW7JqlGzrFFdjQBHCN0npWHKjGupmvRG1mm4VSwLMDBVFOjqFxIoJ15hUifdLqJ_ilxzmdtPLpJfYuI4ER8s5QoAijaZHwUusCSpcJKeZpVPpEE0s4ZxFKtYv9IGiQnsu5BUhLcP6eac4HTA_LB39LYuOSY2LBzHXYtZKw",
   "qi": "K4U_vcdDz4wQH8IyumLZ2l5AYTPdZCKATyFDY5l64HkKdujvBTOcCM3gdPcyXxmAUSC-s3zRJ2o7rrvcE8S_G0Ag1CaPiaG6PwDinT7Ac3N9yX1AXCUJmZly5RVTm7VQrOVO1Eujr1jpMvFKPsAo0WDYVzN6TSCztu8vrYOoSJ2kNuzZgNxiIuOa_Akl7IgISDwwm8eUT-KIi4yx-Z-GmTWiFgbtvAH1UGKhW2IX0a3_bIyHrDR_qrtO8x3sbbsjoV90XQI0oC8rrOE9VSiUhsMNc2E_54ejS7ek4x9pV9rksR_iAzWfGCQzUnENVNVLCSfFNfBEO4Aer2oEKn24hQ",
   "use": "sig",
   "x5c": [
    "MIIE/TCCAuWgAwIBAgIQLaQ8pyET+0fOKEcVv2VDZTANBgkqhkiG9w0BAQ0FADAfMQ4wDAYDVQQKEwVsb2NhbDENMAsGA1UEAxMEYXBwMTAeFw0yNDAxMDEwMDAwMDBaFw0yNDAxMzEwMDAwMDBaMB8xDjAMBgNVBAoTBWxvY2FsMQ0wCwYDVQQDEwRhcHAxMIICIjANBgkqhkiG9w0BAQEFAAOCAg8AMIICCgKCAgEAohAfIsjHXRYMFCyG6riXrK37AIQRsxynM5zAXsMRUpbSoRGIHcDll2Q74Csay1keZYESai2GzLYX1pBTIevB59JUGiEZVZz4hpolsdhjkMH7X/8XDPioXm6ZFlNLNUTNhliLetLLrdZTjRlYr9L+sb8kJTnOVN7Wj00ZJbUIN9X72zf95JAa13wQTGuQyQt0kW2afpx6aAWAdZwEz53RUrNAlxhMokekDcRyzVFHQuyjyZyCGT6/8zZN4W/B9YMZiL9OnQbgwL3gdztWfrVx4ioeWSR3euh/n2kgZQgAILenqcR92q6gUmgi06B30lye8fns9gGIKkgx4HN0iJIqF+1lyxPjU71yWYS7FwwlU+mVfaSMdLuhe4opzWSF7xTJi3BKjprSWUjBrIjh8BMx+aUdfILcwRP9buXhZA589bqjTowB7Y4uFJvhdslMMuLDWs2cL2w0Sppwn1QrXMOxGR1QRvf6v+HO1T0Yy9yvBme/uBNK7OQHAa0GKUVwLpR7xYxhKH7lnHuJt1LZi9kAf7/jNLfw0EOfeHJ6x1hPVbElkKuABsnnDSopE0HDZ8NPHEljqE+l3jEq0sm7n6Op1OE2XdvkyEetghWqNuhiCrgFAj8Hm+O51ZaDOdALTcfaR+lONS151pWhC7pCeaojArqaOUwKf0InkLBe6iJRB1kCAwEAAaM1MDMwDgYDVR0PAQH/BAQDAgWgMBMGA1UdJQQMMAoGCCsGAQUFBwMBMAwGA1UdEwEB/wQCMAAwDQYJKoZIhvcNAQENBQADggIBACwpLcE7cdjmg91LNNIlSdFQZAzA9eOeTF/T3Yy/LY349LiKycp3YLEvZ93SJJ1ESGRYba8YU1PNzX4IOI9sHg4ZFnjeg2J/mIxMHmeafg3QYAAZfmhbPjrWS939+dp2z6HYxZMvosWb5xKMSRIXX2ok0TPp/OcADrsGgB6oenbuHMYbBHaU5eW7utDonEEVuIyVD4p7OaUZfEaDi4cwr0OqMCGnMOiRdhQqvTuIUP8MzqTIZ+RqG6TfkpfOXu59QDzEBuES+vU8PGr9kYTsjaIrCl2cUnpi+h3w6iCYwYFVhOmpk7EZ6lvSUPWL22AzbPevZyo5phrCAA3F2woegg5qEM839YSBAEjb+jAxbRSD9QGS43ozHLID4FxcwdK3OD4Uqpfh74dVS87A7w/DIsKEkCT4qDsCPWOToAB0mHny44LpAI2DSpHp+isySTDw9Q51bm+NiFEGMMYL0XF2XNB4nCaL0K1YQEMsipTNAwYiHGMRDkmIy+G0/PKtPLu8bzOUvspbM4EZnWS70791nn2D1ylE0czI2EsxfDbQQYR1J6eXwPoD+QfgjstujPgySu803XNXIyYGmyQDGfnvFoQyszCiwSOB+06OXCFT8XSjky2OROtb9YWvWQumNmhY+BPmrFAoNDwgQrNegkx3cetWylY/2l9CgogTdQrMOwEL"
   ]
  }
 ]
}
---

[TestRotateJwks - 1]
{
 "keys": [
  {
   "alg": "RS512",
   "d": "japUFz8FmAQH2b44AQTz8Azq-r8TfLunwev0C7VHhWgJXI2ubD77aq70eZnWVVjanAbkujaoCV37lGU2wr8Tp3wfv1EN7kfjeC6cBxRvFfUjhzQ_dB3Lc5XTeC__7OWKnX47xSKKaIkYMl9TUyqMhjso9-c2VjR2OSO1pI9kaNCcE13lR4kqVpTIWXodP6Cy_kPG7Rc6AE005h59zqYUDIdcG7C33tdGAT4TDwtUkjBRrEa32P6wM6iVUWEABFUWBOXt6C3e5F26mcpyeRe_r8Q-69p85c6Bxlhplf_tYRRZr0TKa-U8qlWmdIABoN_6UvoSZOlK9WJ7WSl1X6Z-kZegsmLWDC9PBe9vktEwIOnkIWew7wG1QCv9O5EkceAdhOrU0uIQZZO5zwN4x0PIL6LsdjezW0uYrl1WfivamktWPlkydqvuCFipTnWQr6lbHAljnu8Li66B0IlvQlo2vhplhf2dnBVR-smTCphkTO99Dvo7zvrPKrKQMDlv5s-3l-zYCrHuL2f-OfWb6IuEZVmyHPV6Hmp9xzsjt0tA4cCkrUBQ3rc0vWDpaQrvk0VjlusE4LG9DKcBYS0Ms4CUryFj6CELsfnz_Ql02RFZb-VvOZWTCR_LO6gLdVdRroakuFjLNIiqHt2LNjdexwe7ANyn-P1avLBdLCEANhCgjPE",
   "dp": "QcmjPMpmZRrfPkTgkLOO15B5EuZKQOGes_EAqRBPKmGV6u43yYzTkJY1W5y5IdZZUgcWbZ-OFvHmuY7_yuMIyVTmjJ4VQIS33bHHuKwb9UAlWQeQs3p7rLeH32LtzvDO0Czd6j-1CPpkPcLTwOkEDo67mQzfhptDgGMufuvN9vwYE3a8pG3DFEzvw2lbaGucCZ0PV6G41nnhukJuKJ0dHYjo63rMn_69tjimVNcjbX9esrSPjoicwW2z8m9P0vkAjg6HR9y9ww_JW-z2BeT2KHS6h9CyVegfcBVWTe0Oq2m9ymuMaBbARCpBu7BpySit_njZ-s1i_EW3LTUu523J8Q",
   "dq": "Kfgi735L4UsJiRgCFH9ae3Ne8iSs5pn1Ecw_NROrue2Uqu-fGZ0CrcUy-Kmu0oTAv4nDPZxBtPBd6f2NplaUJxI9vXrZlUjaJ5BrDA5SZTuwVt9pg_WhIzRtxeuT7_dUc3QgRTBRCAINFNCyOI5PybKSy4djAULok_mLLC4vx14UbceQUC5NThYeDrBGVcmbFr9dYiCOXxRzLFdXQuUUD79P6kcvKqv99-9nKmgNrvwsom2WhKCvj64l21pjY3-U4SBgUp1NUFwRTqPQU7x9zHgenTmYtkKxbEFirTe4PTMZN5OTouD83XFCDjF8awpnfHcqdgGjdCqR9rv0hAn2Lw",
   "e": "AQAB",
   "kid": "840f9b1e-b67f-42ed-beea-090fff756bb2.1",
   "kty": "RSA",
   "n": "05vE5DQw48BycQ3_AO7tYB73GZvscNbWsXrfvNaHIxH1QX1UmQTVxZugJlwJfoWgm1p17UpIpJNGWhTlKmxve27ZnxzZNmV6Bc_XVHX31WhXCIL4hx3vhN7n06Ego5eCIIEqYsXIsVmztpiQw2HIbDKqE-XHrfTPugp14BcEl9mE5eye5oWva6bonyPP6I4-TCjlnUzVJxIcvPMBbKv0UoX7PrYBwnA1E3KdKO7fa_c5RYj7u62Yy_za3I5CcTxZ1_AxR-94db_A137R65RjZepSchngLc-gnkxOetqT_KwwK2bV9u5IehOe_gBZ0FDpaFVnz9mJWStZxv_Gi7flNuL5N35MRrjO3wdpaPcXBFIYfCuf59RqtblcL9bB-fMHr9WyYt0DC5xJfC51wViWNx7Pt_B4688_0or9l0eADpN5807wDniOZhryyCDv5ebsSSpLPf8Qq6-nve5i5nhDhxf5bATkXqGct2-sqD_AJM9aj5XpF-6B7DUsx3Yf2VWtV4fkOuXoiUowm6CPit46bt625HkdvNys9hXRiICUi9CbsFqd6z04lRJNFz3ONiFSc7YUoekstKrco01iW07c75AzaASjUqe4LFaO3hddSU6Xia4-cxDt-0mJYxZ4FkBqq85LRjjR-Qdz0RptzMQG3od8-9m0mG7MML59XsKsDtc",
   "p": "6JPi0Axq0sAC_6SCjIbidpYXFK2EpHECz6KZ3bXt3Se_bxzmOnM927uylOUU8WHlxGdpYEeHc0D0h9qRPxfUpK_8fFlmlcbxzz9nsBGE5L3VUT1runG5HmXBnxif_qe5-NCNSUujbkZHiQE1YkBPbRsRlxwYrySDhD-6pnapyNiFAbk94e21n3_neqvUKmi8w8c6iLp9VmbpN2DPZ7L3jrwslRVLr9dQMOsLe4EtcSNh8BTM-a12-6R9ZFRS_7UlaSH2T6dBUOrSc8-HLc5JYCBM1-oLhoK2H0Z9KKyEIrHwF_3if3o3_wpiIR38pvaD11Q3Zhk2kgDgTmM1c3wAGQ",
   "q": "6OtF_dDFWeB0SSIJ8I1-jdwyJzrK7_R1wGyWTaCtBzQxWegRXpXNz07GDPpUrhyOY9F-vWowBZg472eMwWBIydWSQguOUkzyMyxjjrHyKNgJmBGGSLDVKPDpT2_sIfnPHE2EEk8smXaKERPmyyNSUCGRnau53OEPvGjRc1Y2yxR7TbeCbuuAtoT6cjV7J_7OFRTK2vNJHQB18pIPcKt_KV7V6dM-aLA3PCTVcPL5JoT3iWyQbRF_oOmNhv8glISX2clbyTt2Vb8LWmbGx--OxeDksVVu4b7qJaa0jPYf4xwrU_pChObpnZUzj5v9PJDHlwwjZ49N18P0JgWp2Zikbw",
   "qi": "M554CMmP182nywGWbhqk3okzKuYMc8iv5VWDhC8hhMSiW7Kv6XvhQ1fnq8ANMdt2ytjxR0g6S6klRo7ParCE8t1-SLC-PdOrOXFf7q9KTTTV274Eq6_Ngf__irbr9WT8HTTmieDicgYO0sUtJ2o6f3Q33L6V2A3rxYmV2iP2WMzNgC9s66s3vFaf_5t2zMXJTDvn_NxQPcsBn8EUCjLo54P-zlKpAnMfpbORHNsiQ42jA3sP7jEYtF-7a1nekbVq41eroQ56k4wK8YZVLiCGw4tZTS1CWmU5civlAotZ8NkxnKZ53izyhXijN1E5SjDiHFoAt1yi8A5DAufnZ412zw",
   "use": "sig",
   "x5c": [
    "MIIE/jCCAuagAwIBAgIRAJ5wJ0LVzseLJD7XxdiXuOIwDQYJKoZIhvcNAQENBQAwHzEOMAwGA1UEChMFbG9jYWwxDTALBgNVBAMTBGFwcDEwHhcNMjQwMTI2MDEwMDAwWhcNMjQwMjI1MDEwMDAwWjAfMQ4wDAYDVQQKEwVsb2NhbDENMAsGA1UEAxMEYXBwMTCCAiIwDQYJKoZIhvcNAQEBBQADggIPADCCAgoCggIBANObxOQ0MOPAcnEN/wDu7WAe9xmb7HDW1rF637zWhyMR9UF9VJkE1cWboCZcCX6FoJtade1KSKSTRloU5Spsb3tu2Z8c2TZlegXP11R199VoVwiC+Icd74Te59OhIKOXgiCBKmLFyLFZs7aYkMNhyGwyqhPlx630z7oKdeAXBJfZhOXsnuaFr2um6J8jz+iOPkwo5Z1M1ScSHLzzAWyr9FKF+z62AcJwNRNynSju32v3OUWI+7utmMv82tyOQnE8WdfwMUfveHW/wNd+0euUY2XqUnIZ4C3PoJ5MTnrak/ysMCtm1fbuSHoTnv4AWdBQ6WhVZ8/ZiVkrWcb/xou35Tbi+Td+TEa4zt8HaWj3FwRSGHwrn+fUarW5XC/WwfnzB6/VsmLdAwucSXwudcFYljcez7fweOvPP9KK/ZdHgA6TefNO8A54jmYa8sgg7+Xm7EkqSz3/EKuvp73uYuZ4Q4cX+WwE5F6hnLdvrKg/wCTPWo+V6Rfugew1LMd2H9lVrVeH5Drl6IlKMJugj4reOm7etuR5HbzcrPYV0YiAlIvQm7Banes9OJUSTRc9zjYhUnO2FKHpLLSq3KNNYltO3O+QM2gEo1KnuCxWjt4XXUlOl4muPnMQ7ftJiWMWeBZAaqvOS0Y40fkHc9EabczEBt6HfPvZtJhuzDC+fV7CrA7XAgMBAAGjNTAzMA4GA1UdDwEB/wQEAwIFoDATBgNVHSUEDDAKBggrBgEFBQcDATAMBgNVHRMBAf8EAjAAMA0GCSqGSIb3DQEBDQUAA4ICAQDR2sIzOUD8JW2fPDPWd/h1OQ5leqZGX6I6LBa5/1N8DMRlcf3MXCcpPdEZKypqaLXHSz/Nsfh/q7VHIrocmxEdD/Ao8nV7iGo1qw9XlTpWqM721kT79lreK9TM3+PiyqU40lJ5ZTQAlcZ4ReegV8VjY9GbdCXbcdQsydqFAdgN+vGc35r1K3q0ZNN84tRoxWpXfqM2DPPDREoyraHCcUMm0msBMCumDaxDb3Zd1JNGkgNEPZv+iW6oKyEL2dld8Dc4z6Qb5+voK2UX+/mu+uWvLhOKZbA4G6V5TslIB0Ga7sOEPJH7JWzkktIABlmVQpV4UsX0lef3arHNf82gi2Um0O6pwVP8GMKeTCC84DFlpFupSycMka+5sDgiK7QozRAFBCadvJYk/u545Xjs3JmMqhzsIq275hAFQ0WS5SJhMDS0cPVRlmXLjmFtITz25YSmjuWI35fOr3dIYpVBCAzwNQe7z9dGha1BR1nhY9sDXFY/6Gqndlk2KjD9gXmp5jdU+90BGJvcSQiqxZrui5B0bUgrEXv/YQUYlJsYoEsLkOehuxyhxSvGvRkWVU42Tj9bHY19wLTshrG9sojAyB1CqMsDABE2kN3WWvEkJOI8OSGGUwujMxbnhPyxpyrQSrxyWbYgMsEy7II5ImyHeOe1x4HxXdTgAS+405JI9aQPdw=="
   ]
  },
  {
   "alg": "RS512",
   "d": "jG2TzTxVJB_6j3CV58XUB9kp6iSGgcGOUHa_al11IS93jAH5BG8lgq1kBLbVHOc4I5RYNJEGgVQ4C8A7iOUUvJ_QKGQN49WEtH3Vs-lhPQoZm_EaNC8zFcCX_nRmct4PiR4onmESBKv28gjIhHI8KCEMXQVd-MSu_rU72SSo3lkZR7eY1PjZiWcDaHS8nLjEZU-n05Ybqw85ZK-wq4aA3zxb95EitmuFiDh1kduf-Cm9MvHe-akaAtFHYtTIKMlU0t2SbRaMofbmDero5Bqtd-AvM-cZcPMNw0AAxgrMsYzyR3Tv6RHv8fgyVVZy_WEsiVibL__b0WeFcIwaqkydE4VlZuzDJ8xDP3xguvMNqloHybH6Umrkez2_gg3ZP7W5UM8t6OcitG4AfBVCMEApIgpq67dSSNvnnTNAl7oZbcdxJwIGbZAKcN8s47YwdnOSEB8OQJ-aO0dwM14rjEXt-Zb1AUYzHUKgu3uvMlrdDAHy56yMHfNPo0ZIYVtKTntfx80zXviNhr10ek6yWbvsCrYxmVsN_j1V4P7T0oeX0nywo6f3OL4gI9GgJtCpntLAx_-qV4KkbE1DAkekIsyn4Ag-FI32F5251Vp4-0d0HTxS0fqpX2oRu0w_-kzZFAxMyxF66ob4h5l2_UjiyIMzyuYJ-krSX6EQ613ZgUnOU9E",
   "dp": "iWXkWQ6YvrSiQ1DHCnWiJwq8c0Q6u4XfTpUKY0eG_gnNFA9YiVm0A5T1xBwDbG0enOLorcKI5rXdYYZ0XMf8kn-G-8_akugWDfGEoMKOhM0Soc9nagUywF1qPhABZIEaovRDYOxdlBvYD878BFw-jJzbtGq5SpAjV-dHttSm-HTq75yAlaRSBoqw76kQ9P9SbC579aEMRx4utRYbcALuSyYYdhUNdiCE6aVDN6W7DfqW1zdB328357_NYIGq1wPtesWl5Zc_K4slRGzTiX9PnWNbFe3dxwnXieYodfBXAuUGtTwH0drnEuPMfrXNHaih2UOWw0aI603YVQLetLueIQ",
   "dq": "iFHs71YeIabmEuv-CJKkbucd0jOvm6IYBCulIt00NC3Dr6b9RN9vNhxEwhsjg77b1jcLVV0xcphsGPECdHhEhPESaqmca3kNtopQUGsozlXO7oUs4zYe_Qg_sTW7AXyEn9Fd3KHRlsq8IpNDbeyuKdw9wISzDSLqG8dh36F1VBms2MUJzTckkEDrh7rUsqiW_--GaBqvIgqhfWO9lFtni_c_Sb4HMeVzcVjOTl-vlirhU_RGnhxGgYIhJwIWJWzaNMchCCahqjTlvraKB9XIwv66qZ0XD7CJu0qSrIJmDQVmBfdHHlfqu1Me-2yrMOpakRCsSbI_i6Qv9bKZwlqq-Q",
   "e": "AQAB",
   "kid": "c57d3869-e899-4fe2-ae69-ff8cf6d32207.0",
   "kty": "RSA",
   "n": "ohAfIsjHXRYMFCyG6riXrK37AIQRsxynM5zAXsMRUpbSoRGIHcDll2Q74Csay1keZYESai2GzLYX1pBTIevB59JUGiEZVZz4hpolsdhjkMH7X_8XDPioXm6ZFlNLNUTNhliLetLLrdZTjRlYr9L-sb8kJTnOVN7Wj00ZJbUIN9X72zf95JAa13wQTGuQyQt0kW2afpx6aAWAdZwEz53RUrNAlxhMokekDcRyzVFHQuyjyZyCGT6_8zZN4W_B9YMZiL9OnQbgwL3gdztWfrVx4ioeWSR3euh_n2kgZQgAILenqcR92q6gUmgi06B30lye8fns9gGIKkgx4HN0iJIqF-1lyxPjU71yWYS7FwwlU-mVfaSMdLuhe4opzWSF7xTJi3BKjprSWUjBrIjh8BMx-aUdfILcwRP9buXhZA589bqjTowB7Y4uFJvhdslMMuLDWs2cL2w0Sppwn1QrXMOxGR1QRvf6v-HO1T0Yy9yvBme_uBNK7OQHAa0GKUVwLpR7xYxhKH7lnHuJt1LZi9kAf7_jNLfw0EOfeHJ6x1hPVbElkKuABsnnDSopE0HDZ8NPHEljqE-l3jEq0sm7n6Op1OE2XdvkyEetghWqNuhiCrgFAj8Hm-O51ZaDOdALTcfaR-lONS151pWhC7pCeaojArqaOUwKf0InkLBe6iJRB1k",
   "p": "w54EzJXEGbN7Mdi6TQogA88UXZzGP-RjD69X9ccb4dbzzDFdqDAJD58mqx8YseCP2ZGEDWjbeuBvLdjKt9DNhEs9_oZ8lu1z4zZLBi3_3Oqvje_bTZK2cXPS8z5fgJeerT2zD02sLpb6_iuqr226_-KurYzBkHgz1P3ziDXpHZulzEEL73oJUIKT2yDWb1FIDNGCBmPZEkylQci-z373oANmwKGcOY9SXU8tGLKZ3qnNvEZBy2r_JiCBvKK4r2A2zjANxAKyKBldQBQQrLqlIabMcTv-g7wwKOsxAdQdeIxJ0qJ2x1V40x_w4xgAdtKHFacbiJJagSZfDFd9VA5Xiw",
   "q": "1BaXQmgsfAHk-rBYOLFwV5VPt8MkC9-LjGhkPfQ6i3-ANxnSa2DARU1kwG5M9MJfqcS-XiDb2diQBBD9CxPE9dky2msNU_kOBiBGj9WQSLmC1YIZYZIvOkO0mg5RxXXpkI3zlxRidLXZuJNyhxxxOSpeWTrG6KzVbTrvfPH0gt_ksPt4RW7JqlGzrFFdjQBHCN0npWHKjGupmvRG1mm4VSwLMDBVFOjqFxIoJ15hUifdLqJ_ilxzmdtPLpJfYuI4ER8s5QoAijaZHwUusCSpcJKeZpVPpEE0s4ZxFKtYv9IGiQnsu5BUhLcP6eac4HTA_LB39LYuOSY2LBzHXYtZKw",
   "qi": "K4U_vcdDz4wQH8IyumLZ2l5AYTPdZCKATyFDY5l64HkKdujvBTOcCM3gdPcyXxmAUSC-s3zRJ2o7rrvcE8S_G0Ag1CaPiaG6PwDinT7Ac3N9yX1AXCUJmZly5RVTm7VQrOVO1Eujr1jpMvFKPsAo0WDYVzN6TSCztu8vrYOoSJ2kNuzZgNxiIuOa_Akl7IgISDwwm8eUT-KIi4yx-Z-GmTWiFgbtvAH1UGKhW2IX0a3_bIyHrDR_qrtO8x3sbbsjoV90XQI0oC8rrOE9VSiUhsMNc2E_54ejS7ek4x9pV9rksR_iAzWfGCQzUnENVNVLCSfFNfBEO4Aer2oEKn24hQ",
   "use": "sig",
   "x5c": [
    "MIIE/TCCAuWgAwIBAgIQLaQ8pyET+0fOKEcVv2VDZTANBgkqhkiG9w0BAQ0FADAfMQ4wDAYDVQQKEwVsb2NhbDENMAsGA1UEAxMEYXBwMTAeFw0yNDAxMDEwMDAwMDBaFw0yNDAxMzEwMDAwMDBaMB8xDjAMBgNVBAoTBWxvY2FsMQ0wCwYDVQQDEwRhcHAxMIICIjANBgkqhkiG9w0BAQEFAAOCAg8AMIICCgKCAgEAohAfIsjHXRYMFCyG6riXrK37AIQRsxynM5zAXsMRUpbSoRGIHcDll2Q74Csay1keZYESai2GzLYX1pBTIevB59JUGiEZVZz4hpolsdhjkMH7X/8XDPioXm6ZFlNLNUTNhliLetLLrdZTjRlYr9L+sb8kJTnOVN7Wj00ZJbUIN9X72zf95JAa13wQTGuQyQt0kW2afpx6aAWAdZwEz53RUrNAlxhMokekDcRyzVFHQuyjyZyCGT6/8zZN4W/B9YMZiL9OnQbgwL3gdztWfrVx4ioeWSR3euh/n2kgZQgAILenqcR92q6gUmgi06B30lye8fns9gGIKkgx4HN0iJIqF+1lyxPjU71yWYS7FwwlU+mVfaSMdLuhe4opzWSF7xTJi3BKjprSWUjBrIjh8BMx+aUdfILcwRP9buXhZA589bqjTowB7Y4uFJvhdslMMuLDWs2cL2w0Sppwn1QrXMOxGR1QRvf6v+HO1T0Yy9yvBme/uBNK7OQHAa0GKUVwLpR7xYxhKH7lnHuJt1LZi9kAf7/jNLfw0EOfeHJ6x1hPVbElkKuABsnnDSopE0HDZ8NPHEljqE+l3jEq0sm7n6Op1OE2XdvkyEetghWqNuhiCrgFAj8Hm+O51ZaDOdALTcfaR+lONS151pWhC7pCeaojArqaOUwKf0InkLBe6iJRB1kCAwEAAaM1MDMwDgYDVR0PAQH/BAQDAgWgMBMGA1UdJQQMMAoGCCsGAQUFBwMBMAwGA1UdEwEB/wQCMAAwDQYJKoZIhvcNAQENBQADggIBACwpLcE7cdjmg91LNNIlSdFQZAzA9eOeTF/T3Yy/LY349LiKycp3YLEvZ93SJJ1ESGRYba8YU1PNzX4IOI9sHg4ZFnjeg2J/mIxMHmeafg3QYAAZfmhbPjrWS939+dp2z6HYxZMvosWb5xKMSRIXX2ok0TPp/OcADrsGgB6oenbuHMYbBHaU5eW7utDonEEVuIyVD4p7OaUZfEaDi4cwr0OqMCGnMOiRdhQqvTuIUP8MzqTIZ+RqG6TfkpfOXu59QDzEBuES+vU8PGr9kYTsjaIrCl2cUnpi+h3w6iCYwYFVhOmpk7EZ6lvSUPWL22AzbPevZyo5phrCAA3F2woegg5qEM839YSBAEjb+jAxbRSD9QGS43ozHLID4FxcwdK3OD4Uqpfh74dVS87A7w/DIsKEkCT4qDsCPWOToAB0mHny44LpAI2DSpHp+isySTDw9Q51bm+NiFEGMMYL0XF2XNB4nCaL0K1YQEMsipTNAwYiHGMRDkmIy+G0/PKtPLu8bzOUvspbM4EZnWS70791nn2D1ylE0czI2EsxfDbQQYR1J6eXwPoD+QfgjstujPgySu803XNXIyYGmyQDGfnvFoQyszCiwSOB+06OXCFT8XSjky2OROtb9YWvWQumNmhY+BPmrFAoNDwgQrNegkx3cetWylY/2l9CgogTdQrMOwEL"
   ]
  }
 ]
}
---

[TestRotateJwks - 2]
{
 "keys": [
  {
   "alg": "RS512",
   "d": "PeoWtW4MSLOiG-CJ4RCmejUORo2AfHGkmupK3mQMb_XO67cUT6pmxtGLU5MX-2MIgE5shki2sksp_oHlytNt7S3kGW4LT7fzGTIH1v9sOpAvoTgq8LlE3Xs0Q3Xrdl6hSpEHse3Psf0Gx5UmI2dBILcZA5tzfTRoHXyTQdSwdRrU0RO-Y0QYRcxzf-vbSAmbwYz1X6Ppm1KMnRsN66xooe3HjJQ1rKZ1jNKI3d0QSBXW66yfar5Bxzgjz5SQizH8YeTYH71Z96TvhH7X_gKqgeeprju-wzk9Abu-DQGGXNVLDA_eAQazWWvjs0cwOGlcefMWaN3OBHwSdw6hRDrzqZskbeg81-vk4tEh3G0jQrSM0mO3WqaaLAX354Z2XDAzgwaLhDP0hO897kh3apbz5V1KIcY88jWBIQ3v7MJ808C2BWTXu80GU1Ecgl6su8OSKwu8DouMbP_8qnYwNME5j7BZT1fB0qI7HFjFq2y0CVGWvrmF8LvYQj7R8XmrQ7wu4oJkNYzgPV93LPUMEi2kMTzl5ENe48E553BgnQ_z8Vt1WKf36W56fIFj_JDH20FzKWTCseujFnJRH_8H_FKnBirgjBIu2Acm41RBHw1oUuRjyWDVmwfiSKpREFG35FM-q-8MeKNyFJ8SGGawnUWxu_l0K6rSbydLTNmjdWIWswE",
   "dp": "WAojXuwcoMb3da-cnx-yngxD8uzwlDK8jlwNid3bRJwe0e8CFERQQHbWpHmRgXnVwIwzqrKAOHqMD8aFiYmuc0MoiSFGud68orBloW55KF-9-l_gCe5lmFEflRHM-4MC0AcT1KiWwiTEDh6xYER51d1OgARfT6y6z5jnnBqBzfdjudcfmXovMRy_z6iFiBSvfz0Id0qdRmmJDjJNCjHHrWHAxNJb4b2olIwM5P0mhDVlhbC6yRFZIBm0JjY8ZrZAq950aVsELdb_MlZecHeHegbdx4n1eaI_EDZz8j_Vzr4DML3lVlW0XBnm3_KsWN53XNr-pdPd9DuE34iQtDueZw",
   "dq": "caaGWcMEnSZ0C2j4yaXbhPBnWFpGwzPDt_2pnXTegqHJS6w6e-9tfWKj2VYaIUyLSQCWyUIKrMzjARIHbvF9D6epGN_VsAzpgofv5MI8LecZuqZTuFjic3SWNkv3h_CHxpcLl39VE1LZ_aUh5hTyCUs9t5PIQaSJY-NGJDBsPIYBVpr7QgXWgJTfgtEksmNsKertTX6_JMLuj5Q94hJiH5y0rqNYOWwQHL_cU6QRGBunzB2vlxxPOmSh3H6d8rLVJRADou-TIKmAkL3GoaF8GaffMLjC1j2z02c0ks7LabgeceAkqyeIDN9w9iME9_tO5179TJwLTKqXu9GrxYvuwQ",
   "e": "AQAB",
   "kid": "85a2f6cb-055e-45de-a6c1-7d5a3119245b.2",
   "kty": "RSA",
   "n": "ogWwlyu6EZS9D6_rFOttu1geYDUQFsFpQGMr9i0BeNjb1GSVuBsNTRPFVkxqSxnr_75iGP7Ii7FLIN90yJv0ZN5xqWvJ12QAAv8R9dorsFA-p6ONxJeBpKgmQe8PtDcIJiGiEc070TDJixmx_cPw3wFy4dRShM2jsbTa-uNxUa_hC_xleVcWOLgXWdMOT0p-8uHawdKLlXz-e846s8SC0yEs4NdB9hDJXcHTmYNvotZ9DRRaWygTWunpGY8RidwDo0dJ2YoYqmj97ekmCNvmsjZWAcXTlcXcDIT3N3sRCJU9d_RTv3Hq_BucY2Mwcr983XH1aNbQeHo-lzcUWcBgjG9lHEZZtwBHcAgslHTxTD9y2WpVO_Kj3xmbSPTV8hil90EsSKc1wi2D7nn8zJUpVE-nhqKqyRjNWqeRQ1ziRUde-BlXA2BuqmREE2xgS8OZ6afoPXuLz-5kt-Njto85lopdCxUBTVT0OdAI_8dYtz72PbqPcOcw9v7pB9GUzKNyMtMoKwqL0L9eAWpxvb-U6_9N3qOkgq_M3HK6coHp-VVZbH9zYWHhARiwplHUivnOGErm59VKGYqbBJM8B9Hj6S1WduKYBufP6a9Ne-z20txIa7-ln3vpyyN4x-e1RRexdG-O8YqijBZ-l8EgyUQV2_eprG_iEEvL7t0WB4EHH_M",
   "p": "0Lo2oXzEteGIofJVbf689S6g90_tMTvqfNyOtdLV7pC0wWKeq42dHnNmx98WIlCeWNSYkq0dJzonh1XeynSO2XFvcIJkgqE4EdPdh3qqoZyT72vr5ugqz4aR181E4r6hTEzA2OUcMBQPn0Rn5ea8tDW3f8f70IKjpMuyN62FcfeDnleQ8s0ZTbn6NNiRlmPr6-1dQFiAsw7zlB9n8KconrVnkgJSXh-2YKJpwD-GglZrqL7thcaCiXoblAojG5NrSf774Ito6BJFrFBt3GaS1laWgzAetJqp_3oWnygJGX5iIsaOHtR9QvfeYaSiZT-BHnGqArV-Z0XnCtIh_rmYUw",
   "q": "xrePxbV85L39atdH_eoY9kmL-mIZauDql-FNtIFN5iFUYxlokUy1w5jLV0lPGa9pH5gu8q_wXXw8QOQ7nk-OI5NFvMW7EkfxkkQt7ebKTc1DwFhlSu26gDSFHyVRURJl3pRxefY5Msz2Q45KvdZWkHnI6k3_MKz0ddWyDZFwk961vD_G75MbYJW2iPViCKlDcrIln0nPCiLa_DVBmNCkeoxs-WAI8FWFefEQPPr96UZqhKzLrKWL6M33LvPKhFClnJ5ZqAZhLZZc4BDFIq7pvf7GwWV5712uE1X2JrwxncE_YcESlhijExRTJRYi9mYkG5QeZ3gcXN9zgsaVrgLl4Q",
   "qi": "NPRvLYQbFS5Wye8TvTsKLk3IpfBurPI6oNgtb_FXUdb1uWjWkl6fJymZxVVZDJca0ZbJ4Zb51fNLXSM8YdpHRWl3XorzCYUA5ACVYqaT6asBsJn8GG_eKHzzY_AWBFzR4fwA70ILs5ptguSf9q6NvfK4Dy46HLZ67l0KNsC1QJll_747kvPle1abmga6DtQurQ9dXPdP62_ClXNnAT3opp5iwKLRKgzQvDBweLsBenmVW8ZGtksTIUiwoo_np8lZhJ_roxYBn0Ri0lUnX39ZYTv2FyhKWEGI1vwIm6tBh0EDScgzEQlkxRHGogdppwYpWMhlnZSvPsGI5UgERQ5NKw",
   "use": "sig",
   "x5c": [
    "MIIE/jCCAuagAwIBAgIRAORJis8x0dqMvC85kycZbQswDQYJKoZIhvcNAQENBQAwHzEOMAwGA1UEChMFbG9jYWwxDTALBgNVBAMTBGFwcDEwHhcNMjQwMjIwMDEwMDAwWhcNMjQwMzIxMDEwMDAwWjAfMQ4wDAYDVQQKEwVsb2NhbDENMAsGA1UEAxMEYXBwMTCCAiIwDQYJKoZIhvcNAQEBBQADggIPADCCAgoCggIBAKIFsJcruhGUvQ+v6xTrbbtYHmA1EBbBaUBjK/YtAXjY29RklbgbDU0TxVZMaksZ6/++Yhj+yIuxSyDfdMib9GTecalryddkAAL/EfXaK7BQPqejjcSXgaSoJkHvD7Q3CCYhohHNO9EwyYsZsf3D8N8BcuHUUoTNo7G02vrjcVGv4Qv8ZXlXFji4F1nTDk9KfvLh2sHSi5V8/nvOOrPEgtMhLODXQfYQyV3B05mDb6LWfQ0UWlsoE1rp6RmPEYncA6NHSdmKGKpo/e3pJgjb5rI2VgHF05XF3AyE9zd7EQiVPXf0U79x6vwbnGNjMHK/fN1x9WjW0Hh6Ppc3FFnAYIxvZRxGWbcAR3AILJR08Uw/ctlqVTvyo98Zm0j01fIYpfdBLEinNcItg+55/MyVKVRPp4aiqskYzVqnkUNc4kVHXvgZVwNgbqpkRBNsYEvDmemn6D17i8/uZLfjY7aPOZaKXQsVAU1U9DnQCP/HWLc+9j26j3DnMPb+6QfRlMyjcjLTKCsKi9C/XgFqcb2/lOv/Td6jpIKvzNxyunKB6flVWWx/c2Fh4QEYsKZR1Ir5zhhK5ufVShmKmwSTPAfR4+ktVnbimAbnz+mvTXvs9tLcSGu/pZ976csjeMfntUUXsXRvjvGKoowWfpfBIMlEFdv3qaxv4hBLy+7dFgeBBx/zAgMBAAGjNTAzMA4GA1UdDwEB/wQEAwIFoDATBgNVHSUEDDAKBggrBgEFBQcDATAMBgNVHRMBAf8EAjAAMA0GCSqGSIb3DQEBDQUAA4ICAQAD2qyw/DHuicvn1pxGXApHMRzNw9JZsMMXjQSR257avTYTJ1+UlfV3WfMd53/hM388E4TNbs/NMdO1i0dGZNmE4ilkymxK6zbDQAWu6fdt7AZGi1cpOBGNdurP0oDWmq+Wv5Y0w89hzUxgQ6Ut7yHpD0FuBchi44WHofD2IKibBCQiNXLSu44eWfgGLslgJqnCffUKVbM0gmspSJnwPMaNcswms62TKbQe+lyaxnxZXNOo7E2A7aGEdUFJu1Aybd/x4CIuE2w8S63A64MxuNvSH39R2MM8Vuwkx6gPqYvMrHTpMl6QHTncwzmDVx7DGjb4wchIIz4jbP/ad9YS+RfbN8757i8oVayCH7EW9p9ciVQW9Ah1S0S9kKYZlypJqzIMNH4q0snE4xlmJw8Tb8MiiABfsZNkSky8UFKJiujsoBH1ZySxe3xCY/Ilvt40u5EakhuKUn/UTYaujbvAmhaGIBjn6TaIk5qFt9vu8QQiZUKniGIrSkGtuNREaoF6UWTfvKKZ9ydjhmIc5djG7PCbQxjfpZbCytEBgnCIyFnKaDFMycC3sWLcRDPTRDd3a1OkcoSqj1B3dxzVMHJBCeQbA7ZTXgIkZr+ssPm6a91QPWPZVDd/F5JbgpJxBAdeaM2fNWE7SDhCY04yB1H7g0181+K5lJz35awXXKimHXI9Kg=="
   ]
  },
  {
   "alg": "RS512",
   "d": "japUFz8FmAQH2b44AQTz8Azq-r8TfLunwev0C7VHhWgJXI2ubD77aq70eZnWVVjanAbkujaoCV37lGU2wr8Tp3wfv1EN7kfjeC6cBxRvFfUjhzQ_dB3Lc5XTeC__7OWKnX47xSKKaIkYMl9TUyqMhjso9-c2VjR2OSO1pI9kaNCcE13lR4kqVpTIWXodP6Cy_kPG7Rc6AE005h59zqYUDIdcG7C33tdGAT4TDwtUkjBRrEa32P6wM6iVUWEABFUWBOXt6C3e5F26mcpyeRe_r8Q-69p85c6Bxlhplf_tYRRZr0TKa-U8qlWmdIABoN_6UvoSZOlK9WJ7WSl1X6Z-kZegsmLWDC9PBe9vktEwIOnkIWew7wG1QCv9O5EkceAdhOrU0uIQZZO5zwN4x0PIL6LsdjezW0uYrl1WfivamktWPlkydqvuCFipTnWQr6lbHAljnu8Li66B0IlvQlo2vhplhf2dnBVR-smTCphkTO99Dvo7zvrPKrKQMDlv5s-3l-zYCrHuL2f-OfWb6IuEZVmyHPV6Hmp9xzsjt0tA4cCkrUBQ3rc0vWDpaQrvk0VjlusE4LG9DKcBYS0Ms4CUryFj6CELsfnz_Ql02RFZb-VvOZWTCR_LO6gLdVdRroakuFjLNIiqHt2LNjdexwe7ANyn-P1avLBdLCEANhCgjPE",
   "dp": "QcmjPMpmZRrfPkTgkLOO15B5EuZKQOGes_EAqRBPKmGV6u43yYzTkJY1W5y5IdZZUgcWbZ-OFvHmuY7_yuMIyVTmjJ4VQIS33bHHuKwb9UAlWQeQs3p7rLeH32LtzvDO0Czd6j-1CPpkPcLTwOkEDo67mQzfhptDgGMufuvN9vwYE3a8pG3DFEzvw2lbaGucCZ0PV6G41nnhukJuKJ0dHYjo63rMn_69tjimVNcjbX9esrSPjoicwW2z8m9P0vkAjg6HR9y9ww_JW-z2BeT2KHS6h9CyVegfcBVWTe0Oq2m9ymuMaBbARCpBu7BpySit_njZ-s1i_EW3LTUu523J8Q",
   "dq": "Kfgi735L4UsJiRgCFH9ae3Ne8iSs5pn1Ecw_NROrue2Uqu-fGZ0CrcUy-Kmu0oTAv4nDPZxBtPBd6f2NplaUJxI9vXrZlUjaJ5BrDA5SZTuwVt9pg_WhIzRtxeuT7_dUc3QgRTBRCAINFNCyOI5PybKSy4djAULok_mLLC4vx14UbceQUC5NThYeDrBGVcmbFr9dYiCOXxRzLFdXQuUUD79P6kcvKqv99-9nKmgNrvwsom2WhKCvj64l21pjY3-U4SBgUp1NUFwRTqPQU7x9zHgenTmYtkKxbEFirTe4PTMZN5OTouD83XFCDjF8awpnfHcqdgGjdCqR9rv0hAn2Lw",
   "e": "AQAB",
   "kid": "840f9b1e-b67f-42ed-beea-090fff756bb2.1",
   "kty": "RSA",
   "n": "05vE5DQw48BycQ3_AO7tYB73GZvscNbWsXrfvNaHIxH1QX1UmQTVxZugJlwJfoWgm1p17UpIpJNGWhTlKmxve27ZnxzZNmV6Bc_XVHX31WhXCIL4hx3vhN7n06Ego5eCIIEqYsXIsVmztpiQw2HIbDKqE-XHrfTPugp14BcEl9mE5eye5oWva6bonyPP6I4-TCjlnUzVJxIcvPMBbKv0UoX7PrYBwnA1E3KdKO7fa_c5RYj7u62Yy_za3I5CcTxZ1_AxR-94db_A137R65RjZepSchngLc-gnkxOetqT_KwwK2bV9u5IehOe_gBZ0FDpaFVnz9mJWStZxv_Gi7flNuL5N35MRrjO3wdpaPcXBFIYfCuf59RqtblcL9bB-fMHr9WyYt0DC5xJfC51wViWNx7Pt_B4688_0or9l0eADpN5807wDniOZhryyCDv5ebsSSpLPf8Qq6-nve5i5nhDhxf5bATkXqGct2-sqD_AJM9aj5XpF-6B7DUsx3Yf2VWtV4fkOuXoiUowm6CPit46bt625HkdvNys9hXRiICUi9CbsFqd6z04lRJNFz3ONiFSc7YUoekstKrco01iW07c75AzaASjUqe4LFaO3hddSU6Xia4-cxDt-0mJYxZ4FkBqq85LRjjR-Qdz0RptzMQG3od8-9m0mG7MML59XsKsDtc",
   "p": "6JPi0Axq0sAC_6SCjIbidpYXFK2EpHECz6KZ3bXt3Se_bxzmOnM927uylOUU8WHlxGdpYEeHc0D0h9qRPxfUpK_8fFlmlcbxzz9nsBGE5L3VUT1runG5HmXBnxif_qe5-NCNSUujbkZHiQE1YkBPbRsRlxwYrySDhD-6pnapyNiFAbk94e21n3_neqvUKmi8w8c6iLp9VmbpN2DPZ7L3jrwslRVLr9dQMOsLe4EtcSNh8BTM-a12-6R9ZFRS_7UlaSH2T6dBUOrSc8-HLc5JYCBM1-oLhoK2H0Z9KKyEIrHwF_3if3o3_wpiIR38pvaD11Q3Zhk2kgDgTmM1c3wAGQ",
   "q": "6OtF_dDFWeB0SSIJ8I1-jdwyJzrK7_R1wGyWTaCtBzQxWegRXpXNz07GDPpUrhyOY9F-vWowBZg472eMwWBIydWSQguOUkzyMyxjjrHyKNgJmBGGSLDVKPDpT2_sIfnPHE2EEk8smXaKERPmyyNSUCGRnau53OEPvGjRc1Y2yxR7TbeCbuuAtoT6cjV7J_7OFRTK2vNJHQB18pIPcKt_KV7V6dM-aLA3PCTVcPL5JoT3iWyQbRF_oOmNhv8glISX2clbyTt2Vb8LWmbGx--OxeDksVVu4b7qJaa0jPYf4xwrU_pChObpnZUzj5v9PJDHlwwjZ49N18P0JgWp2Zikbw",
   "qi": "M554CMmP182nywGWbhqk3okzKuYMc8iv5VWDhC8hhMSiW7Kv6XvhQ1fnq8ANMdt2ytjxR0g6S6klRo7ParCE8t1-SLC-PdOrOXFf7q9KTTTV274Eq6_Ngf__irbr9WT8HTTmieDicgYO0sUtJ2o6f3Q33L6V2A3rxYmV2iP2WMzNgC9s66s3vFaf_5t2zMXJTDvn_NxQPcsBn8EUCjLo54P-zlKpAnMfpbORHNsiQ42jA3sP7jEYtF-7a1nekbVq41eroQ56k4wK8YZVLiCGw4tZTS1CWmU5civlAotZ8NkxnKZ53izyhXijN1E5SjDiHFoAt1yi8A5DAufnZ412zw",
   "use": "sig",
   "x5c": [
    "MIIE/jCCAuagAwIBAgIRAJ5wJ0LVzseLJD7XxdiXuOIwDQYJKoZIhvcNAQENBQAwHzEOMAwGA1UEChMFbG9jYWwxDTALBgNVBAMTBGFwcDEwHhcNMjQwMTI2MDEwMDAwWhcNMjQwMjI1MDEwMDAwWjAfMQ4wDAYDVQQKEwVsb2NhbDENMAsGA1UEAxMEYXBwMTCCAiIwDQYJKoZIhvcNAQEBBQADggIPADCCAgoCggIBANObxOQ0MOPAcnEN/wDu7WAe9xmb7HDW1rF637zWhyMR9UF9VJkE1cWboCZcCX6FoJtade1KSKSTRloU5Spsb3tu2Z8c2TZlegXP11R199VoVwiC+Icd74Te59OhIKOXgiCBKmLFyLFZs7aYkMNhyGwyqhPlx630z7oKdeAXBJfZhOXsnuaFr2um6J8jz+iOPkwo5Z1M1ScSHLzzAWyr9FKF+z62AcJwNRNynSju32v3OUWI+7utmMv82tyOQnE8WdfwMUfveHW/wNd+0euUY2XqUnIZ4C3PoJ5MTnrak/ysMCtm1fbuSHoTnv4AWdBQ6WhVZ8/ZiVkrWcb/xou35Tbi+Td+TEa4zt8HaWj3FwRSGHwrn+fUarW5XC/WwfnzB6/VsmLdAwucSXwudcFYljcez7fweOvPP9KK/ZdHgA6TefNO8A54jmYa8sgg7+Xm7EkqSz3/EKuvp73uYuZ4Q4cX+WwE5F6hnLdvrKg/wCTPWo+V6Rfugew1LMd2H9lVrVeH5Drl6IlKMJugj4reOm7etuR5HbzcrPYV0YiAlIvQm7Banes9OJUSTRc9zjYhUnO2FKHpLLSq3KNNYltO3O+QM2gEo1KnuCxWjt4XXUlOl4muPnMQ7ftJiWMWeBZAaqvOS0Y40fkHc9EabczEBt6HfPvZtJhuzDC+fV7CrA7XAgMBAAGjNTAzMA4GA1UdDwEB/wQEAwIFoDATBgNVHSUEDDAKBggrBgEFBQcDATAMBgNVHRMBAf8EAjAAMA0GCSqGSIb3DQEBDQUAA4ICAQDR2sIzOUD8JW2fPDPWd/h1OQ5leqZGX6I6LBa5/1N8DMRlcf3MXCcpPdEZKypqaLXHSz/Nsfh/q7VHIrocmxEdD/Ao8nV7iGo1qw9XlTpWqM721kT79lreK9TM3+PiyqU40lJ5ZTQAlcZ4ReegV8VjY9GbdCXbcdQsydqFAdgN+vGc35r1K3q0ZNN84tRoxWpXfqM2DPPDREoyraHCcUMm0msBMCumDaxDb3Zd1JNGkgNEPZv+iW6oKyEL2dld8Dc4z6Qb5+voK2UX+/mu+uWvLhOKZbA4G6V5TslIB0Ga7sOEPJH7JWzkktIABlmVQpV4UsX0lef3arHNf82gi2Um0O6pwVP8GMKeTCC84DFlpFupSycMka+5sDgiK7QozRAFBCadvJYk/u545Xjs3JmMqhzsIq275hAFQ0WS5SJhMDS0cPVRlmXLjmFtITz25YSmjuWI35fOr3dIYpVBCAzwNQe7z9dGha1BR1nhY9sDXFY/6Gqndlk2KjD9gXmp5jdU+90BGJvcSQiqxZrui5B0bUgrEXv/YQUYlJsYoEsLkOehuxyhxSvGvRkWVU42Tj9bHY19wLTshrG9sojAyB1CqMsDABE2kN3WWvEkJOI8OSGGUwujMxbnhPyxpyrQSrxyWbYgMsEy7II5ImyHeOe1x4HxXdTgAS+405JI9aQPdw=="
   ]
  }
 ]
}
---

[TestGenerateCertSerialNumber - 1]
173431843733843271873464583493449253089
---

[TestPublicJwksConversion - 1]
{
 "keys": [
  {
   "alg": "RS512",
   "e": "AQAB",
   "kid": "c57d3869-e899-4fe2-ae69-ff8cf6d32207.0",
   "kty": "RSA",
   "n": "ohAfIsjHXRYMFCyG6riXrK37AIQRsxynM5zAXsMRUpbSoRGIHcDll2Q74Csay1keZYESai2GzLYX1pBTIevB59JUGiEZVZz4hpolsdhjkMH7X_8XDPioXm6ZFlNLNUTNhliLetLLrdZTjRlYr9L-sb8kJTnOVN7Wj00ZJbUIN9X72zf95JAa13wQTGuQyQt0kW2afpx6aAWAdZwEz53RUrNAlxhMokekDcRyzVFHQuyjyZyCGT6_8zZN4W_B9YMZiL9OnQbgwL3gdztWfrVx4ioeWSR3euh_n2kgZQgAILenqcR92q6gUmgi06B30lye8fns9gGIKkgx4HN0iJIqF-1lyxPjU71yWYS7FwwlU-mVfaSMdLuhe4opzWSF7xTJi3BKjprSWUjBrIjh8BMx-aUdfILcwRP9buXhZA589bqjTowB7Y4uFJvhdslMMuLDWs2cL2w0Sppwn1QrXMOxGR1QRvf6v-HO1T0Yy9yvBme_uBNK7OQHAa0GKUVwLpR7xYxhKH7lnHuJt1LZi9kAf7_jNLfw0EOfeHJ6x1hPVbElkKuABsnnDSopE0HDZ8NPHEljqE-l3jEq0sm7n6Op1OE2XdvkyEetghWqNuhiCrgFAj8Hm-O51ZaDOdALTcfaR-lONS151pWhC7pCeaojArqaOUwKf0InkLBe6iJRB1k",
   "use": "sig"
  }
 ]
}
---

[TestPublicJwksConversion - 2]
{
 "alg": "RS512",
 "e": "AQAB",
 "kid": "c57d3869-e899-4fe2-ae69-ff8cf6d32207.0",
 "kty": "RSA",
 "n": "ohAfIsjHXRYMFCyG6riXrK37AIQRsxynM5zAXsMRUpbSoRGIHcDll2Q74Csay1keZYESai2GzLYX1pBTIevB59JUGiEZVZz4hpolsdhjkMH7X_8XDPioXm6ZFlNLNUTNhliLetLLrdZTjRlYr9L-sb8kJTnOVN7Wj00ZJbUIN9X72zf95JAa13wQTGuQyQt0kW2afpx6aAWAdZwEz53RUrNAlxhMokekDcRyzVFHQuyjyZyCGT6_8zZN4W_B9YMZiL9OnQbgwL3gdztWfrVx4ioeWSR3euh_n2kgZQgAILenqcR92q6gUmgi06B30lye8fns9gGIKkgx4HN0iJIqF-1lyxPjU71yWYS7FwwlU-mVfaSMdLuhe4opzWSF7xTJi3BKjprSWUjBrIjh8BMx-aUdfILcwRP9buXhZA589bqjTowB7Y4uFJvhdslMMuLDWs2cL2w0Sppwn1QrXMOxGR1QRvf6v-HO1T0Yy9yvBme_uBNK7OQHAa0GKUVwLpR7xYxhKH7lnHuJt1LZi9kAf7_jNLfw0EOfeHJ6x1hPVbElkKuABsnnDSopE0HDZ8NPHEljqE-l3jEq0sm7n6Op1OE2XdvkyEetghWqNuhiCrgFAj8Hm-O51ZaDOdALTcfaR-lONS151pWhC7pCeaojArqaOUwKf0InkLBe6iJRB1k",
 "use": "sig"
}
---
